# Sample application log export — report-generator-x9k2
# Source: mocked Kubernetes pod logs (production-like format)
# Incident: OOMKilled during nightly batch export, limit 256Mi
# Signal lines are marked [SIGNAL] in comments below for your reference only;
# Jev does not see these comments — they are stripped before scoring.

2026-10-06T02:00:01Z INFO  HealthCheckController - health check OK status=UP
2026-10-06T02:00:02Z DEBUG ConnectionPool - pool stats active=2 idle=8
2026-10-06T02:00:03Z INFO  ScheduledTask - cron heartbeat completed duration=12ms
2026-10-06T02:00:04Z INFO  StartupProbe - container ready=true

2026-10-06T02:00:10Z INFO  AccessLog - GET /health 200 1ms ua=kube-probe/1.29
2026-10-06T02:00:11Z INFO  AccessLog - GET /ready 200 2ms ua=kube-probe/1.29
2026-10-06T02:00:12Z DEBUG MetricsReporter - profiling sample cpu=4% mem=41%
2026-10-06T02:00:13Z DEBUG CacheLayer - cache hit ratio 0.91 keyspace=export

2026-10-06T02:00:20Z DEBUG GCLogger - gc pause young 12ms freed 2MB
2026-10-06T02:00:25Z INFO  ConfigWatcher - no config changes detected
2026-10-06T02:00:30Z DEBUG Tracing - span export batch size=40 ok
2026-10-06T02:00:35Z INFO  Sidecar - envoy downstream_rq_200=88

# [SIGNAL] batch job drives memory toward limit
2026-10-06T02:01:00Z INFO  BatchProcessor - Processing batch of 5000 records job=nightly-export
2026-10-06T02:01:05Z INFO  BatchProcessor - loaded 5000 rows into memory buffer
2026-10-06T02:01:15Z WARN  MemoryMonitor - Heap usage: 248Mi / 256Mi (96.8%)
2026-10-06T02:01:17Z WARN  MemoryMonitor - Heap usage: 254Mi / 256Mi (99.2%)
2026-10-06T02:01:18Z ERROR NodeProcess - FATAL ERROR: JavaScript heap out of memory
2026-10-06T02:01:18Z ERROR NodeProcess - Allocation failed - process aborting exit=137

2026-10-06T02:00:40Z INFO  AccessLog - GET /metrics 200 45ms prometheus-scraper
2026-10-06T02:00:41Z DEBUG DNS - resolved postgres-primary.internal A record ttl=30
2026-10-06T02:00:42Z INFO  AuditLog - user=system action=rotate_logs status=success

# [SIGNAL] kubernetes event confirms OOMKill
2026-10-06T02:01:19Z WARN  KubernetesEvents - Container report-generator terminated Reason=OOMKilled
2026-10-06T02:01:19Z WARN  KubernetesEvents - Last State Terminated Exit Code 137 OOMKilled
2026-10-06T02:01:19Z WARN  KubernetesEvents - Limits memory=256Mi cpu=500m

2026-10-06T02:00:50Z DEBUG ThreadPool - worker queue depth=0
2026-10-06T02:00:51Z INFO  AccessLog - GET /health 200 1ms ua=kube-probe/1.29
2026-10-06T02:00:52Z DEBUG GCLogger - gc pause young 8ms freed 1MB
2026-10-06T02:00:53Z INFO  ScheduledTask - cron heartbeat completed duration=11ms
